// Jest Snapshot v1, https://goo.gl/fbAQLP

exports[`ListMoviesComponent renders correctly 1`] = `
<div>
  <br />
  <h2
    className="text-center"
  >
    Movies List
  </h2>
  <div
    className="row"
  >
    <button
      className="btn btn-primary"
      onClick={[Function]}
      style={
        Object {
          "width": "150px",
        }
      }
    >
      Add Movie
    </button>
  </div>
  <br />
  <div
    className="row"
  >
    <table
      className="table table-striped table-bordered"
    >
      <thead>
        <tr>
          <th>
             Movie title 
          </th>
          <th>
             Movie director 
          </th>
          <th>
             Movie genre 
          </th>
          <th>
             Actions 
          </th>
        </tr>
      </thead>
      <tbody />
    </table>
  </div>
</div>
`;
